01-14 09:42:31.622 26763 26816 W bt_osi_thread: run_thread: thread id 26816, thread name hci_thread exited
01-14 09:42:31.623  2617  6117 I android.hardware.bluetooth@1.0-impl: BluetoothHci::close()
01-14 09:42:31.623  2996  6006 D GameManagerService: identifyGamePackage. com.sec.android.app.launcher
01-14 09:42:31.623  2996  6006 D GamePkgDataHelper: getGamePkgData(). com.sec.android.app.launcher
01-14 09:42:31.623  2617  6117 I bt_userial_vendor: UART_2STOPBITS : vnd_userial.termios.c_cflag = 18bd
01-14 09:42:31.624  2617  6117 I bt_userial_vendor: device fd = 7 close
01-14 09:42:31.624  2617  6117 I bt_upio : upio_set_bluetooth_power(on: 0)
01-14 09:42:31.625  2996  6006 D GameManagerService: identifyGamePackage. com.sec.android.app.launcher
01-14 09:42:31.625  2996  6006 D GamePkgDataHelper: getGamePkgData(). com.sec.android.app.launcher
01-14 09:42:31.634 26763 26803 E bt_btif : btif_transfer_context() Caller thread is BTIF thread. Don't try context switch.
01-14 09:42:31.634 26763 26803 W bt_btif : btif_dm_generic_evt: event=33037
01-14 09:42:31.638 26763 26913 W bt_osi_thread: run_thread: thread id 26913, thread name bt_workqueue exited
01-14 09:42:31.639 26763 26796 V BluetoothAdapterState: PendingCommand - transient state(s): isBleTurningOff
01-14 09:42:31.639 26763 26796 D BluetoothAdapterState: Current state: PENDING_COMMAND, message: DISABLED
01-14 09:42:31.640 26763 26796 D BluetoothAdapterService: stopGattProfileService()
01-14 09:42:31.643 26763 26796 D BluetoothAdapterService: setGattProfileServiceState() - Stopping service com.android.bluetooth.gatt.GattService
01-14 09:42:31.644  2996  6006 D GameManagerService: identifyGamePackage. com.sec.android.app.launcher
01-14 09:42:31.644  2996  6006 D GamePkgDataHelper: getGamePkgData(). com.sec.android.app.launcher
01-14 09:42:31.647 26763 26763 D BtGatt.DebugUtils: handleDebugAction() action=null
01-14 09:42:31.647 26763 26796 D BluetoothAdapterState: Stopping Gatt profile services that were post enabled
01-14 09:42:31.647 26763 26763 D BluetoothAdapterService: getAdapterService() - returning com.android.bluetooth.btservice.AdapterService@fa85b98
01-14 09:42:31.651 26763 26763 D BtGatt.GattService: Received stop request...Stopping profile...
01-14 09:42:31.651 26763 26813 D BtGatt.GattService: [GSIM LOG]: saveAppInfo
01-14 09:42:31.652  2996  3105 D MdnieScenarioControlService:  packageName : com.sec.android.app.launcher    className : com.sec.android.app.launcher.activities.LauncherActivity
01-14 09:42:31.652  2996  3105 V MdnieScenarioControlService: setUIMode from UI function(3)
01-14 09:42:31.657  2996  6006 D GameManagerService: identifyGamePackage. com.sec.android.app.launcher
01-14 09:42:31.657  2996  6006 D GamePkgDataHelper: getGamePkgData(). com.sec.android.app.launcher
01-14 09:42:31.675  2996  6006 D GameManagerService: identifyGamePackage. com.sec.android.app.launcher
01-14 09:42:31.675  2996  6006 D GamePkgDataHelper: getGamePkgData(). com.sec.android.app.launcher
01-14 09:42:31.686 26763 26813 W LeDbManager: clearDb(), rowCount: 1
01-14 09:42:31.697 26763 26813 W LeDbManager: writeScanInfos(), write new info:                                  android.uid.bcmgr|    Normal|    Custom| NonFilter|      true|         0|         2|         7|         0|       2020-01-14T09:39:19.202|       2020-01-14T09:39:28.198|
01-14 09:42:31.698  2996  2996 D CustomFrequencyManagerService: releaseDVFSLockLocked : Getting Lock type frm List : DVFS_MIN_LIMIT  frequency : 1586000  uid : 1000  pid : 2996  tag : AMS_APP_HOME@CPU_MIN@15
01-14 09:42:31.699 26763 26813 W LeDbManager: writeScanInfos(), write new info:                              com.google.uid.shared|    Normal|LowLatency|    Filter|      true|         0|         4|         0|         0|       2020-01-14T09:41:33.351|       2020-01-14T09:41:34.616|
01-14 09:42:31.708 26763 26813 W LeDbManager: writeAdvInfos(), appAdvInfos is NULL! nothing to write
01-14 09:42:31.712 26763 26763 D BtGatt.GattService: cleanup binder
01-14 09:42:31.717  2996  4876 D SamsungAlarmManager: Cancel Alarm calling from uid:1002 pid :26763 / op:PendingIntent{705a086: PendingIntentRecord{1f25d47 com.android.bluetooth broadcastIntent}}
01-14 09:42:31.720 26763 26763 D BluetoothAdapterService: getAdapterService() - returning com.android.bluetooth.btservice.AdapterService@fa85b98
01-14 09:42:31.720 26763 26763 E BluetoothAdapterService: onProfileServiceStateChanged() serviceName=com.android.bluetooth.gatt.GattService, state=10, Message sending
01-14 09:42:31.720 26763 26763 E BtGatt.GattService: notifyProfileServiceStateChanged
01-14 09:42:31.722 26763 26763 E BluetoothAdapterService: handleMessage() - Message: 1
01-14 09:42:31.722 26763 26763 D BluetoothAdapterService: handleMessage() - MESSAGE_PROFILE_SERVICE_STATE_CHANGED
01-14 09:42:31.722 26763 26763 E BluetoothAdapterService: processProfileServiceStateChanged() serviceName=com.android.bluetooth.gatt.GattService, state=10, Before synchronized
01-14 09:42:31.722 26763 26763 D BluetoothAdapterService: processProfileServiceStateChanged() serviceName=com.android.bluetooth.gatt.GattService, state=10, doUpdate=true
01-14 09:42:31.723 26763 26763 V BluetoothAdapterState: isTurningOff()=false
01-14 09:42:31.724 26763 26763 V BluetoothAdapterState: isTurningOn()=false
01-14 09:42:31.724 26763 26763 V BluetoothAdapterState: isBleTurningOn()=false
01-14 09:42:31.724 26763 26763 V BluetoothAdapterState: isBleTurningOff()=true
01-14 09:42:31.724 26763 26763 D BluetoothAdapterService: processProfileServiceStateChanged() - serviceName=com.android.bluetooth.gatt.GattService isTurningOn=false isTurningOff=false isBleTurningOn=false isBleTurningOff=true
01-14 09:42:31.724 26763 26763 D BluetoothAdapterService: GattService stopped
01-14 09:42:31.724 26763 26796 V BluetoothAdapterState: PendingCommand - transient state(s): isBleTurningOff
01-14 09:42:31.724 26763 26796 D BluetoothAdapterState: Current state: PENDING_COMMAND, message: BLE_STOPPED
01-14 09:42:31.726 26763 26796 I BluetoothAdapterState: Bluetooth adapter state changed: 16-> 10
01-14 09:42:31.726 26763 26796 D BluetoothAdapterService: updateAdapterState() - Broadcasting state to 1 receivers.
01-14 09:42:31.726 26763 26796 D BluetoothAdapterService: Autoconnection is available 
01-14 09:42:31.726 26763 26796 D BluetoothAdapterService: updateAdapterState prevState = 16newState = 10
01-14 09:42:31.726  2996  3022 D BluetoothManagerService: Broadcasting onBluetoothServiceDown() to 6 receivers.
01-14 09:42:31.727 26763 26796 I BluetoothAdapterState: Entering OffState
01-14 09:42:31.727  2996  3022 D BluetoothAdapter: onBluetoothServiceDown: android.bluetooth.IBluetooth$Stub$Proxy@a0d87ab
01-14 09:42:31.727  3400  3415 D BluetoothAdapter: onBluetoothServiceDown: android.bluetooth.IBluetooth$Stub$Proxy@f5a2e1a
01-14 09:42:31.727 26763 26776 D BluetoothAdapter: onBluetoothServiceDown: com.android.bluetooth.btservice.AdapterService$AdapterServiceBinder@43c71e5
01-14 09:42:31.728  4264 12948 D BluetoothAdapter: onBluetoothServiceDown: android.bluetooth.IBluetooth$Stub$Proxy@eb63bf7
01-14 09:42:31.728  3613  3629 D BluetoothAdapter: onBluetoothServiceDown: android.bluetooth.IBluetooth$Stub$Proxy@f94f53d
01-14 09:42:31.729  3357  3686 D BluetoothAdapter: onBluetoothServiceDown: android.bluetooth.IBluetooth$Stub$Proxy@1e4cf1a
01-14 09:42:31.730 26763 26763 D BluetoothAdapterService: onUnbind() - calling cleanup
01-14 09:42:31.731 26763 26763 D BluetoothAdapterService: cleanup()
01-14 09:42:31.733  2996  3022 D BluetoothManagerService: Bluetooth is complete send Service Down
01-14 09:42:31.734  2996  3022 D BluetoothManagerService: Broadcasting sendDisableBleCallback to 6 receivers.
01-14 09:42:31.734 26763 27188 D BluetoothAdapter: ondisableBLE
01-14 09:42:31.735  3400  3415 D BluetoothAdapter: ondisableBLE
01-14 09:42:31.735  2996  3022 D BluetoothAdapter: ondisableBLE
01-14 09:42:31.735  3400  3415 D BluetoothAdapter: There are no active google scan apps, stop scan
01-14 09:42:31.735  2996  3022 D BluetoothAdapter: There are no active google scan apps, stop scan
01-14 09:42:31.735  3613  3629 D BluetoothAdapter: ondisableBLE
01-14 09:42:31.735  3613  3629 D BluetoothAdapter: There are no active google scan apps, stop scan
01-14 09:42:31.735  3357  3686 D BluetoothAdapter: ondisableBLE
01-14 09:42:31.735  3357  3686 D BluetoothAdapter: There are no active google scan apps, stop scan
01-14 09:42:31.735  4264 12948 D BluetoothAdapter: ondisableBLE
01-14 09:42:31.735  4264 12948 D BluetoothAdapter: There are no active google scan apps, stop scan
01-14 09:42:31.738 26763 26763 W BluetoothSdpJni: Cleaning up Bluetooth SDP Interface...
01-14 09:42:31.738 26763 26763 W BluetoothSdpJni: Cleaning up Bluetooth SDP object
01-14 09:42:31.738 26763 26763 D BluetoothAdapterService: cleanup() - Cleaning up adapter native
01-14 09:42:31.739 26763 26798 E BluetoothServiceJni: Callback: 'callback_thread_event' is not called on the correct thread
01-14 09:42:31.739 26763 26803 W bt_btif : btif_dm_generic_evt: event=33037
01-14 09:42:31.740 26763 26803 E bt_btif_dm: ### ASSERT : system/bt/btif/src/btif_dm.cc btif_dm_generic_evt line 3085 Callback is NULL (0) ###
01-14 09:42:31.740 26763 26803 W bt_osi_thread: run_thread: thread id 26803, thread name bt_jni_workqueue exited
01-14 09:42:31.754 26763 26802 W bt_osi_thread: run_thread: thread id 26802, thread name alarm_dispatcher exited
01-14 09:42:31.755 26763 26801 W bt_osi_thread: run_thread: thread id 26801, thread name alarm_default_ca exited
01-14 09:42:31.756 26763 26763 I BluetoothServiceJni: cleanupNative: return from cleanup
01-14 09:42:31.760 26763 26763 D DOWNLOADABLE_DB: cleanup
01-14 09:42:31.761 26763 26763 D BluetoothAdapterService: onDestroy()
01-14 09:42:31.763 26763 26763 I BluetoothAdapterService: Force exit to cleanup internal state in Bluetooth stack
01-14 09:42:31.768 26763 26763 I zygote  : System.exit called, status: 0
01-14 09:42:31.768 26763 26763 I AndroidRuntime: VM exiting with result code 0, cleanup skipped.
01-14 09:42:31.793  2996  4876 I ActivityManager: Process com.android.bluetooth (pid 26763) has died: fore SVC (928,124)
01-14 09:42:31.793  2996  3016 I zygote  : Successfully killed process cgroup uid 1002 pid 26763 in 0ms
01-14 09:42:31.794  3613  3629 D ForegroundUtils: could not check pending caller